
> energy-audit-panel@0.1.0 build
> react-app-rewired build

